app/admin/emails/page.tsx(243,30): error TS7006: Parameter 'e' implicitly has an 'any' type.
app/admin/emails/page.tsx(254,30): error TS7006: Parameter 'e' implicitly has an 'any' type.
app/admin/page.tsx(100,14): error TS18048: 'data.stats.totalDevisThisMonth' is possibly 'undefined'.
app/admin/page.tsx(109,14): error TS18048: 'data.stats.pendingDevis' is possibly 'undefined'.
app/admin/page.tsx(118,14): error TS18048: 'data.stats.activeClients' is possibly 'undefined'.
app/admin/page.tsx(127,27): error TS2345: Argument of type 'number | undefined' is not assignable to parameter of type 'number'.
  Type 'undefined' is not assignable to type 'number'.
app/admin/page.tsx(128,18): error TS18048: 'data.stats.monthlyChange' is possibly 'undefined'.
app/admin/page.tsx(129,14): error TS18048: 'data.stats.monthlyChange' is possibly 'undefined'.
app/admin/page.tsx(146,34): error TS2551: Property 'services' does not exist on type 'RecentDevis'. Did you mean 'service'?
app/admin/page.tsx(146,52): error TS2551: Property 'services' does not exist on type 'RecentDevis'. Did you mean 'service'?
app/admin/page.tsx(146,81): error TS2551: Property 'services' does not exist on type 'RecentDevis'. Did you mean 'service'?
app/admin/page.tsx(154,30): error TS2339: Property 'name' does not exist on type 'ServiceStats'.
app/admin/utilisateurs/page.tsx(48,3): error TS2300: Duplicate identifier 'User'.
app/admin/utilisateurs/page.tsx(52,20): error TS2300: Duplicate identifier 'User'.
app/admin/utilisateurs/page.tsx(76,38): error TS2749: 'User' refers to a value, but is being used as a type here. Did you mean 'typeof User'?
app/admin/utilisateurs/page.tsx(81,52): error TS2749: 'User' refers to a value, but is being used as a type here. Did you mean 'typeof User'?
app/admin/utilisateurs/page.tsx(102,36): error TS2749: 'User' refers to a value, but is being used as a type here. Did you mean 'typeof User'?
app/admin/utilisateurs/page.tsx(104,22): error TS2345: Argument of type '{ email: any; firstName: any; lastName: any; role: any; }' is not assignable to parameter of type 'SetStateAction<CreateUserDto | null>'.
  Property 'password' is missing in type '{ email: any; firstName: any; lastName: any; role: any; }' but required in type 'CreateUserDto'.
app/admin/utilisateurs/page.tsx(147,43): error TS2749: 'User' refers to a value, but is being used as a type here. Did you mean 'typeof User'?
app/admin/utilisateurs/page.tsx(157,37): error TS2749: 'User' refers to a value, but is being used as a type here. Did you mean 'typeof User'?
app/admin/utilisateurs/page.tsx(239,41): error TS7053: Element implicitly has an 'any' type because expression of type 'any' can't be used to index type '{ SUPER_ADMIN: string; EDITOR: string; VIEWER: string; }'.
app/admin/utilisateurs/page.tsx(240,26): error TS7053: Element implicitly has an 'any' type because expression of type 'any' can't be used to index type '{ SUPER_ADMIN: string; EDITOR: string; VIEWER: string; }'.
app/contact/page.tsx(285,31): error TS2322: Type '{ value: string; onChange: (e: ChangeEvent<HTMLInputElement, Element>) => void; countryCode: string; onCountryCodeChange: (code: string) => void; placeholder: string; className: string; }' is not assignable to type 'IntrinsicAttributes & PhoneInputProps'.
  Property 'className' does not exist on type 'IntrinsicAttributes & PhoneInputProps'.
components/contact-section.tsx(76,48): error TS2345: Argument of type '(prev: { name: string; email: string; phone: string; countryCode: string; message: string; }) => { phone: ChangeEvent<HTMLInputElement, Element>; name: string; email: string; countryCode: string; message: string; }' is not assignable to parameter of type 'SetStateAction<{ name: string; email: string; phone: string; countryCode: string; message: string; }>'.
  Type '(prev: { name: string; email: string; phone: string; countryCode: string; message: string; }) => { phone: ChangeEvent<HTMLInputElement, Element>; name: string; email: string; countryCode: string; message: string; }' is not assignable to type '(prevState: { name: string; email: string; phone: string; countryCode: string; message: string; }) => { name: string; email: string; phone: string; countryCode: string; message: string; }'.
    Call signature return types '{ phone: ChangeEvent<HTMLInputElement, Element>; name: string; email: string; countryCode: string; message: string; }' and '{ name: string; email: string; phone: string; countryCode: string; message: string; }' are incompatible.
      The types of 'phone' are incompatible between these types.
        Type 'ChangeEvent<HTMLInputElement, Element>' is not assignable to type 'string'.
components/contact-section.tsx(80,23): error TS2322: Type '{ value: string; onChange: (val: ChangeEvent<HTMLInputElement, Element>) => void; countryCode: string; onCountryCodeChange: (code: string) => void; placeholder: string; className: string; }' is not assignable to type 'IntrinsicAttributes & PhoneInputProps'.
  Property 'className' does not exist on type 'IntrinsicAttributes & PhoneInputProps'.
